src/app/router.tsx(4,27): error TS2307: Cannot find module '@/pages/LoginPage' or its corresponding type declarations.
src/app/router.tsx(5,30): error TS2307: Cannot find module '@/pages/RegisterPage' or its corresponding type declarations.
src/app/router.tsx(6,26): error TS2307: Cannot find module '@/pages/HomePage' or its corresponding type declarations.
src/app/router.tsx(7,28): error TS2307: Cannot find module '@/pages/MemoryPage' or its corresponding type declarations.
src/app/router.tsx(8,29): error TS2307: Cannot find module '@/pages/ProfilePage' or its corresponding type declarations.
src/app/router.tsx(9,37): error TS2307: Cannot find module '@/pages/profile/ProfileSettingsPage' or its corresponding type declarations.
src/app/router.tsx(10,36): error TS2307: Cannot find module '@/pages/profile/ChangePasswordPage' or its corresponding type declarations.
src/app/router.tsx(11,33): error TS2307: Cannot find module '@/pages/profile/EditProfilePage' or its corresponding type declarations.
src/app/router.tsx(12,36): error TS2307: Cannot find module '@/pages/profile/ProfileHistoryPage' or its corresponding type declarations.
src/app/router.tsx(13,32): error TS2307: Cannot find module '@/pages/memory/MemoryGridPage' or its corresponding type declarations.
src/app/router.tsx(14,34): error TS2307: Cannot find module '@/pages/NotificationPage' or its corresponding type declarations.
src/app/router.tsx(15,33): error TS2307: Cannot find module '@/pages/UserProfilePage' or its corresponding type declarations.
src/app/router.tsx(16,33): error TS2307: Cannot find module '@/pages/home/VoiceDetailPage' or its corresponding type declarations.
src/app/router.tsx(17,35): error TS2307: Cannot find module '@/pages/voice-ar/VoiceARCameraPage' or its corresponding type declarations.
src/app/router.tsx(18,33): error TS2307: Cannot find module '@/pages/voice-ar/VoiceARHuntPage' or its corresponding type declarations.
